Java HotSpot(TM) 64-Bit Server VM (25.251-b08) for windows-amd64 JRE (1.8.0_251-b08), built on Mar 12 2020 06:31:49 by "" with MS VC++ 10.0 (VS2010)
Memory: 4k page, physical 16112436k(6744640k free), swap 27122484k(12211820k free)
CommandLine flags: -XX:InitialHeapSize=536870912 -XX:MaxHeapSize=536870912 -XX:+PrintGC -XX:+PrintGCDateStamps -XX:+PrintGCDetails -XX:+PrintGCTimeStamps -XX:+UseCompressedClassPointers -XX:+UseCompressedOops -XX:-UseLargePagesIndividualAllocation -XX:+UseSerialGC 
2020-10-25T23:01:34.348+0800: 0.146: [GC (Allocation Failure) 2020-10-25T23:01:34.348+0800: 0.147: [DefNew: 139776K->17472K(157248K), 0.0171778 secs] 139776K->42928K(506816K), 0.0175428 secs] [Times: user=0.02 sys=0.00, real=0.02 secs] 
2020-10-25T23:01:34.391+0800: 0.190: [GC (Allocation Failure) 2020-10-25T23:01:34.391+0800: 0.190: [DefNew: 157248K->17471K(157248K), 0.0199828 secs] 182704K->84384K(506816K), 0.0201098 secs] [Times: user=0.00 sys=0.02, real=0.02 secs] 
2020-10-25T23:01:34.437+0800: 0.235: [GC (Allocation Failure) 2020-10-25T23:01:34.437+0800: 0.235: [DefNew: 157247K->17469K(157248K), 0.0190957 secs] 224160K->127661K(506816K), 0.0192395 secs] [Times: user=0.00 sys=0.02, real=0.02 secs] 
2020-10-25T23:01:34.481+0800: 0.279: [GC (Allocation Failure) 2020-10-25T23:01:34.481+0800: 0.279: [DefNew: 157245K->17471K(157248K), 0.0160449 secs] 267437K->167634K(506816K), 0.0161766 secs] [Times: user=0.00 sys=0.02, real=0.02 secs] 
2020-10-25T23:01:34.521+0800: 0.319: [GC (Allocation Failure) 2020-10-25T23:01:34.521+0800: 0.319: [DefNew: 156981K->17470K(157248K), 0.0159470 secs] 307144K->207732K(506816K), 0.0160746 secs] [Times: user=0.02 sys=0.00, real=0.02 secs] 
2020-10-25T23:01:34.560+0800: 0.358: [GC (Allocation Failure) 2020-10-25T23:01:34.560+0800: 0.358: [DefNew: 157246K->17471K(157248K), 0.0186345 secs] 347508K->256111K(506816K), 0.0187604 secs] [Times: user=0.00 sys=0.03, real=0.02 secs] 
2020-10-25T23:01:34.601+0800: 0.399: [GC (Allocation Failure) 2020-10-25T23:01:34.601+0800: 0.400: [DefNew: 157247K->17470K(157248K), 0.0180896 secs] 395887K->303710K(506816K), 0.0182276 secs] [Times: user=0.02 sys=0.00, real=0.02 secs] 
2020-10-25T23:01:34.642+0800: 0.440: [GC (Allocation Failure) 2020-10-25T23:01:34.642+0800: 0.440: [DefNew: 157246K->17467K(157248K), 0.0170836 secs] 443486K->346678K(506816K), 0.0172587 secs] [Times: user=0.01 sys=0.00, real=0.02 secs] 
2020-10-25T23:01:34.682+0800: 0.480: [GC (Allocation Failure) 2020-10-25T23:01:34.682+0800: 0.480: [DefNew: 157243K->157243K(157248K), 0.0000274 secs]2020-10-25T23:01:34.682+0800: 0.480: [Tenured: 329210K->284540K(349568K), 0.0377268 secs] 486454K->284540K(506816K), [Metaspace: 2704K->2704K(1056768K)], 0.0379247 secs] [Times: user=0.05 sys=0.00, real=0.04 secs] 
2020-10-25T23:01:34.744+0800: 0.542: [GC (Allocation Failure) 2020-10-25T23:01:34.744+0800: 0.542: [DefNew: 139776K->17469K(157248K), 0.0059557 secs] 424316K->322544K(506816K), 0.0060752 secs] [Times: user=0.01 sys=0.00, real=0.01 secs] 
2020-10-25T23:01:34.773+0800: 0.572: [GC (Allocation Failure) 2020-10-25T23:01:34.773+0800: 0.572: [DefNew: 157245K->157245K(157248K), 0.0000261 secs]2020-10-25T23:01:34.773+0800: 0.572: [Tenured: 305074K->300066K(349568K), 0.0401449 secs] 462320K->300066K(506816K), [Metaspace: 2704K->2704K(1056768K)], 0.0403150 secs] [Times: user=0.05 sys=0.00, real=0.04 secs] 
2020-10-25T23:01:34.837+0800: 0.635: [GC (Allocation Failure) 2020-10-25T23:01:34.837+0800: 0.635: [DefNew: 139776K->17470K(157248K), 0.0068727 secs] 439842K->346045K(506816K), 0.0069913 secs] [Times: user=0.02 sys=0.00, real=0.01 secs] 
2020-10-25T23:01:34.868+0800: 0.666: [GC (Allocation Failure) 2020-10-25T23:01:34.868+0800: 0.666: [DefNew: 157246K->157246K(157248K), 0.0000258 secs]2020-10-25T23:01:34.868+0800: 0.666: [Tenured: 328574K->332758K(349568K), 0.0489570 secs] 485821K->332758K(506816K), [Metaspace: 2704K->2704K(1056768K)], 0.0491162 secs] [Times: user=0.05 sys=0.00, real=0.05 secs] 
2020-10-25T23:01:34.939+0800: 0.738: [GC (Allocation Failure) 2020-10-25T23:01:34.940+0800: 0.738: [DefNew: 139776K->139776K(157248K), 0.0000273 secs]2020-10-25T23:01:34.940+0800: 0.738: [Tenured: 332758K->327973K(349568K), 0.0481914 secs] 472534K->327973K(506816K), [Metaspace: 2704K->2704K(1056768K)], 0.0484878 secs] [Times: user=0.05 sys=0.00, real=0.05 secs] 
2020-10-25T23:01:35.012+0800: 0.810: [GC (Allocation Failure) 2020-10-25T23:01:35.012+0800: 0.810: [DefNew: 139710K->139710K(157248K), 0.0000170 secs]2020-10-25T23:01:35.012+0800: 0.810: [Tenured: 327973K->349187K(349568K), 0.0337256 secs] 467684K->349696K(506816K), [Metaspace: 2704K->2704K(1056768K)], 0.0338642 secs] [Times: user=0.05 sys=0.00, real=0.03 secs] 
2020-10-25T23:01:35.071+0800: 0.869: [Full GC (Allocation Failure) 2020-10-25T23:01:35.071+0800: 0.869: [Tenured: 349539K->349236K(349568K), 0.0417885 secs] 506781K->353933K(506816K), [Metaspace: 2704K->2704K(1056768K)], 0.0419181 secs] [Times: user=0.05 sys=0.00, real=0.04 secs] 
2020-10-25T23:01:35.137+0800: 0.936: [Full GC (Allocation Failure) 2020-10-25T23:01:35.138+0800: 0.936: [Tenured: 349505K->349192K(349568K), 0.0450484 secs] 506678K->373981K(506816K), [Metaspace: 2704K->2704K(1056768K)], 0.0451910 secs] [Times: user=0.05 sys=0.00, real=0.05 secs] 
2020-10-25T23:01:35.204+0800: 1.002: [Full GC (Allocation Failure) 2020-10-25T23:01:35.204+0800: 1.002: [Tenured: 349475K->349466K(349568K), 0.0519198 secs] 506669K->358763K(506816K), [Metaspace: 2704K->2704K(1056768K)], 0.0520340 secs] [Times: user=0.05 sys=0.00, real=0.05 secs] 
2020-10-25T23:01:35.281+0800: 1.079: [Full GC (Allocation Failure) 2020-10-25T23:01:35.281+0800: 1.079: [Tenured: 349466K->349503K(349568K), 0.0406431 secs] 506583K->375161K(506816K), [Metaspace: 2704K->2704K(1056768K)], 0.0407819 secs] [Times: user=0.03 sys=0.00, real=0.04 secs] 
Heap
 def new generation   total 157248K, used 31374K [0x00000000e0000000, 0x00000000eaaa0000, 0x00000000eaaa0000)
  eden space 139776K,  22% used [0x00000000e0000000, 0x00000000e1ea3ab0, 0x00000000e8880000)
  from space 17472K,   0% used [0x00000000e8880000, 0x00000000e8880000, 0x00000000e9990000)
  to   space 17472K,   0% used [0x00000000e9990000, 0x00000000e9990000, 0x00000000eaaa0000)
 tenured generation   total 349568K, used 349503K [0x00000000eaaa0000, 0x0000000100000000, 0x0000000100000000)
   the space 349568K,  99% used [0x00000000eaaa0000, 0x00000000fffeffe0, 0x00000000ffff0000, 0x0000000100000000)
 Metaspace       used 2710K, capacity 4486K, committed 4864K, reserved 1056768K
  class space    used 291K, capacity 386K, committed 512K, reserved 1048576K
